// Jest Snapshot v1, https://goo.gl/fbAQLP

exports[`ContentContainer renders correctly 1`] = `
<div
  className="sc-AxjAm beCVJq"
>
  <div
    className="styledheader__StyledHeaderWrapper-ntr33y-2 hcnsvj sc-AxjAm feVghO"
    height="50vh"
    onMouseEnter={[Function]}
    onMouseLeave={[Function]}
  >
    <img
      alt=""
      className="styledheader__StyledHeaderImage-ntr33y-0 hHPvMt"
      src="test-file-stub"
    />
    <div
      className="styledheader__StyledBackground-ntr33y-1 fkOeYX"
    />
    <header
      className="sc-AxjAm iZLCHR"
    >
      <h1>
        <span>
          <span
            className="styledlogo__StyledLogo-sc-1suyno6-0 dKPWah"
            fontWeight={800}
          >
            netflix
          </span>
          <span
            className="styledlogo__StyledLogo-sc-1suyno6-0 eKILPN"
            fontWeight={400}
          >
            roulette
          </span>
        </span>
      </h1>
      <button
        className="styledbutton__StyledButton-sc-7hz9n2-0 jSpEnr"
        onClick={[Function]}
      >
        + ADD MOVIE
      </button>
    </header>
    <div
      className="sc-AxjAm bhDiCM"
      height="100%"
    >
      <div
        className="sc-AxjAm fqTMaV"
        width="100%"
      >
        <h2
          className="Heading-sc-15b2y3d-0 fKqoJe"
        >
          Find your movie
        </h2>
        <form
          action="#"
          onReset={[Function]}
          onSubmit={[Function]}
        >
          <div
            className="sc-AxirZ hhbvJa"
          >
            <input
              className="styledsearch__StyledInput-sc-112aji7-0 gYPiLC"
              name="search"
              onBlur={[Function]}
              onChange={[Function]}
              placeholder="What do you want to watch?"
              type="text"
              value=""
            />
            <button
              className="styledbutton__StyledButton-sc-7hz9n2-0 dUEACD"
              type="submit"
            >
              SEARCH
            </button>
          </div>
        </form>
      </div>
    </div>
  </div>
  <main
    className="styledmain__StyledMain-sc-1oh6sq-0 ihRYAc sc-AxjAm cPZRBP"
  >
    <div
      className="sc-AxirZ eCfaaJ"
    >
      <div
        className="sc-AxjAm gDgSnB"
      >
        <div
          className="sc-AxjAm fRMFrE"
          onChange={[Function]}
        >
          <div
            checked={true}
            className="styledradioButton__StyledRadioButton-sc-1athmhv-0 bdPXCN"
          >
            <input
              defaultChecked={true}
              id="filter_All"
              name="filter"
              type="radio"
              value=""
            />
            <label
              htmlFor="filter_All"
            >
              ALL
            </label>
          </div>
          <div
            checked={false}
            className="styledradioButton__StyledRadioButton-sc-1athmhv-0 bNqTgl"
          >
            <input
              defaultChecked={false}
              id="filter_Documentary"
              name="filter"
              type="radio"
              value="Documentary"
            />
            <label
              htmlFor="filter_Documentary"
            >
              DOCUMENTARY
            </label>
          </div>
          <div
            checked={false}
            className="styledradioButton__StyledRadioButton-sc-1athmhv-0 bNqTgl"
          >
            <input
              defaultChecked={false}
              id="filter_Comedy"
              name="filter"
              type="radio"
              value="Comedy"
            />
            <label
              htmlFor="filter_Comedy"
            >
              COMEDY
            </label>
          </div>
          <div
            checked={false}
            className="styledradioButton__StyledRadioButton-sc-1athmhv-0 bNqTgl"
          >
            <input
              defaultChecked={false}
              id="filter_Horror"
              name="filter"
              type="radio"
              value="Horror"
            />
            <label
              htmlFor="filter_Horror"
            >
              HORROR
            </label>
          </div>
        </div>
      </div>
      <div
        className="sc-AxjAm TBlcn"
      >
        <div
          className="styledsort__StyledSelectWrapper-sc-13rug2s-0 cQsuLb sc-AxjAm kDfEX"
        >
          <label
            className="styledsort__StyledLabel-sc-13rug2s-1 iVKDWt"
            htmlFor="sort-by"
          >
            SORT BY
          </label>
          <select
            className="styledsort__StyledSelect-sc-13rug2s-3 iacsnF"
            defaultValue="release_date"
            id="sort-by"
            onChange={[Function]}
          >
            <option
              className="styledsort__StyledOption-sc-13rug2s-2 kiNmiY"
              value="release_date"
            >
              RELEASE DATE
            </option>
            <option
              className="styledsort__StyledOption-sc-13rug2s-2 kiNmiY"
              value="rating"
            >
              RATING
            </option>
            <option
              className="styledsort__StyledOption-sc-13rug2s-2 kiNmiY"
              value="budget"
            >
              BUDGET
            </option>
          </select>
        </div>
      </div>
    </div>
    <div
      className="sc-AxjAm gNWrut"
    >
      <h3
        className="Heading-sc-15b2y3d-0 fKqoJe"
      >
        No movie found
      </h3>
    </div>
  </main>
  <footer
    className="styledfooter__StyledFooter-vo699h-0 cZSprY sc-AxjAm bqPLoD"
    height="4.5rem"
  >
    <span>
      <span
        className="styledlogo__StyledLogo-sc-1suyno6-0 dKPWah"
        fontWeight={800}
      >
        netflix
      </span>
      <span
        className="styledlogo__StyledLogo-sc-1suyno6-0 eKILPN"
        fontWeight={400}
      >
        roulette
      </span>
    </span>
  </footer>
</div>
`;
