// Jest Snapshot v1, https://goo.gl/fbAQLP

exports[`MovieForm component matches the Snapshot 1`] = `
<form
  action="#"
  onReset={[Function]}
  onSubmit={[Function]}
>
  <div
    className="styledinput__StyledInputWrapper-sc-1rvx5si-3 kInCGe"
  >
    <label
      className="styledinput__StyledLabel-sc-1rvx5si-1 cNeYRS"
    >
      Title
      <input
        className="styledinput__StyledInput-sc-1rvx5si-0 kqVAIk"
        name="title"
        onBlur={[Function]}
        onChange={[Function]}
        placeholder="Select Title"
        value=""
      />
    </label>
  </div>
  <div
    className="styledinput__StyledInputWrapper-sc-1rvx5si-3 kInCGe"
  >
    <label
      className="styledinput__StyledLabel-sc-1rvx5si-1 cNeYRS"
    >
      Release date
      <input
        className="styledinput__StyledInput-sc-1rvx5si-0 kqVAIk"
        name="release_date"
        onBlur={[Function]}
        onChange={[Function]}
        placeholder="Select Date"
        type="date"
        value=""
      />
    </label>
  </div>
  <div
    className="styledinput__StyledInputWrapper-sc-1rvx5si-3 kInCGe"
  >
    <label
      className="styledinput__StyledLabel-sc-1rvx5si-1 cNeYRS"
    >
      movie URL
      <input
        className="styledinput__StyledInput-sc-1rvx5si-0 kqVAIk"
        name="poster_path"
        onBlur={[Function]}
        onChange={[Function]}
        placeholder="Movie URL here"
        value=""
      />
    </label>
  </div>
  <div
    className="styledinput__StyledInputWrapper-sc-1rvx5si-3 kInCGe"
  >
    <label
      className="styledinput__StyledLabel-sc-1rvx5si-1 cNeYRS"
    >
      <div
        className="styledselect__StyledSelect-sc-36t145-0 bHPDPW"
        onClick={[Function]}
      >
        Genre
        <div
          className="go2139093995 multi-select"
        >
          <div
            aria-expanded={false}
            aria-labelledby="Select Genre"
            aria-readonly={true}
            className="go2646822163 dropdown-container"
            onBlur={[Function]}
            onFocus={[Function]}
            onKeyDown={[Function]}
            onMouseEnter={[Function]}
            onMouseLeave={[Function]}
            tabIndex={0}
          >
            <div
              className="go2642161244 dropdown-heading"
              onClick={[Function]}
            >
              <div
                className="dropdown-heading-value"
              >
                <span
                  className="gray"
                >
                  Select...
                </span>
              </div>
              <svg
                className="dropdown-heading-dropdown-arrow gray"
                fill="none"
                height="24"
                stroke="currentColor"
                strokeWidth="2"
                width="24"
              >
                <path
                  d="M6 9L12 15 18 9"
                />
              </svg>
            </div>
          </div>
        </div>
      </div>
    </label>
  </div>
  <div
    className="styledinput__StyledInputWrapper-sc-1rvx5si-3 kInCGe"
  >
    <label
      className="styledinput__StyledLabel-sc-1rvx5si-1 cNeYRS"
    >
      Overview
      <input
        className="styledinput__StyledInput-sc-1rvx5si-0 kqVAIk"
        name="overview"
        onBlur={[Function]}
        onChange={[Function]}
        placeholder="Overview here"
        value=""
      />
    </label>
  </div>
  <div
    className="styledinput__StyledInputWrapper-sc-1rvx5si-3 kInCGe"
  >
    <label
      className="styledinput__StyledLabel-sc-1rvx5si-1 cNeYRS"
    >
      Runtime
      <input
        className="styledinput__StyledInput-sc-1rvx5si-0 kqVAIk"
        name="runtime"
        onBlur={[Function]}
        onChange={[Function]}
        placeholder="Runtime here"
        type="number"
        value=""
      />
    </label>
  </div>
  <div
    className="sc-AxjAm jBojTN"
  >
    <button
      className="styledbutton__StyledButton-sc-7hz9n2-0 lnvFAg"
      onClick={[Function]}
      type="button"
    >
      Reset
    </button>
    <button
      className="styledbutton__StyledButton-sc-7hz9n2-0 dUEACD"
      type="submit"
    >
      Submit
    </button>
  </div>
</form>
`;
